# topics (name task-partitioned)
finding true
pr.opened true
run.completed true
step true
task.pr-open-requested true
task.review-requested true
task.run-requested true
task.stop-requested true
verdict true

# payload JSON shapes (zero-value marshal)
## EventEnvelope
{
  "event_id": "",
  "event_type": "",
  "occurred_at": "0001-01-01T00:00:00Z",
  "data": null
}
## FindingData
{
  "finding": {
    "id": "",
    "run_id": "",
    "file": "",
    "line": 0,
    "severity": "",
    "issue": "",
    "recommendation": "",
    "status": ""
  }
}
## PrOpenRequestedData
{
  "task_id": ""
}
## PrOpenedData
{
  "task_id": "",
  "url": ""
}
## ReviewRequestedData
{
  "task_id": "",
  "agent_id": "",
  "run_id": "",
  "round_no": 0,
  "prompt": ""
}
## RunCompletedData
{
  "task_id": "",
  "run_id": "",
  "role": "",
  "status": "",
  "round_no": 0,
  "token_usage": 0
}
## RunRequestedData
{
  "task_id": "",
  "agent_id": "",
  "project_id": "",
  "round_no": 0,
  "prompt": ""
}
## StepData
{
  "step": {
    "id": "",
    "run_id": "",
    "seq": 0,
    "kind": "",
    "payload": null,
    "created_at": "0001-01-01T00:00:00Z"
  }
}
## StopRequestedData
{
  "task_id": ""
}
## VerdictData
{
  "task_id": "",
  "run_id": "",
  "round_no": 0,
  "decision": ""
}
