# admin
GET /sysadmin/audit
GET /sysadmin/flags
GET /workspaces/{id}/audit
PATCH /sysadmin/flags/{key}
POST /sysadmin/maintenance
POST /workspaces/{id}/audit/export
# agent
DELETE /agents/{id}
DELETE /agents/{id}/mcps/{mcpId}
DELETE /agents/{id}/skills/{skillId}
GET /agents
GET /agents/{id}
GET /internal/agents/{id}/mcp-servers
GET /internal/workspace/{wid}/agent-count
POST /agents
POST /agents/{id}/mcps
POST /agents/{id}/skills
PUT /agents/{id}
# auth
GET /auth/me
GET /auth/signup-status
GET /internal/active-users-24h
GET /internal/identity
POST /auth/login
POST /auth/logout
POST /auth/signup
POST /auth/signup-status/resend
POST /auth/sso/begin
# catalog
DELETE /mcp-servers/{id}
DELETE /skills/{id}
GET /internal/mcp-servers
GET /mcp-servers
GET /mcp-servers/{id}
GET /skills
GET /skills/{id}
GET /workspaces/{wid}/skills
PATCH /workspaces/{wid}/skills/{id}
POST /mcp-servers
POST /skills
PUT /mcp-servers/{id}
PUT /skills/{id}
# orgs
DELETE /workspaces/{id}/members/{mid}
GET /internal/stats
GET /internal/users/{uid}/workspaces
GET /sysadmin/orgs
GET /sysadmin/requests
GET /workspaces
GET /workspaces/{id}
GET /workspaces/{id}/members
GET /workspaces/{id}/requests
PATCH /workspaces/{id}/members/{mid}
POST /sysadmin/orgs
POST /sysadmin/orgs/{id}/restore
POST /sysadmin/orgs/{id}/suspend
POST /sysadmin/requests/{rid}/approve
POST /workspaces
POST /workspaces/{id}/invites
POST /workspaces/{id}/members/{mid}/resend
POST /workspaces/{id}/requests/{rid}/approve
POST /workspaces/{id}/requests/{rid}/decline
# project
DELETE /projects/{id}
GET /projects
GET /projects/{id}
POST /projects
PUT /projects/{id}
# resources
GET /internal/workspaces/{id}/enabled-rules
GET /workspaces/{id}/knowledge
GET /workspaces/{id}/mcp
GET /workspaces/{id}/plugins
GET /workspaces/{id}/rules
PATCH /workspaces/{id}/plugins/{rid}
PATCH /workspaces/{id}/rules/{rid}
POST /workspaces/{id}/knowledge
POST /workspaces/{id}/mcp/{rid}/reconnect
# runner
GET /internal/tasks/{id}/steps
GET /runs/{id}/findings
GET /runs/{id}/steps
GET /tasks/{id}/artifacts
GET /tasks/{id}/runs
# settings
DELETE /provider-keys/{provider}
GET /internal/keys/{provider}
GET /provider-keys
POST /provider-keys
PUT /provider-keys/{provider}
# task
DELETE /tasks/{id}
GET /internal/tasks/{id}/workspace
GET /internal/workspace/{wid}/open-task-count
GET /tasks
GET /tasks/{id}
GET /tasks/{id}/feedback
PATCH /tasks/{id}/status
POST /tasks
POST /tasks/{id}/feedback
POST /tasks/{id}/open-pr
POST /tasks/{id}/re-run
POST /tasks/{id}/stop
PUT /tasks/{id}
